0 info it worked if it ends with ok
1 verbose cli [ 'node',
1 verbose cli   '/usr/local/bin/npm',
1 verbose cli   'install',
1 verbose cli   'grunt',
1 verbose cli   '-g',
1 verbose cli   'allow-root' ]
2 info using npm@1.4.28
3 info using node@v0.10.33
4 verbose cache add [ 'grunt', null ]
5 verbose cache add name=undefined spec="grunt" args=["grunt",null]
6 verbose parsed url { protocol: null,
6 verbose parsed url   slashes: null,
6 verbose parsed url   auth: null,
6 verbose parsed url   host: null,
6 verbose parsed url   port: null,
6 verbose parsed url   hostname: null,
6 verbose parsed url   hash: null,
6 verbose parsed url   search: null,
6 verbose parsed url   query: null,
6 verbose parsed url   pathname: 'grunt',
6 verbose parsed url   path: 'grunt',
6 verbose parsed url   href: 'grunt' }
7 verbose cache add [ 'allow-root', null ]
8 verbose cache add name=undefined spec="allow-root" args=["allow-root",null]
9 verbose parsed url { protocol: null,
9 verbose parsed url   slashes: null,
9 verbose parsed url   auth: null,
9 verbose parsed url   host: null,
9 verbose parsed url   port: null,
9 verbose parsed url   hostname: null,
9 verbose parsed url   hash: null,
9 verbose parsed url   search: null,
9 verbose parsed url   query: null,
9 verbose parsed url   pathname: 'allow-root',
9 verbose parsed url   path: 'allow-root',
9 verbose parsed url   href: 'allow-root' }
10 silly lockFile 20ff3fd8-grunt grunt
11 verbose lock grunt /Users/nickadmin/.npm/20ff3fd8-grunt.lock
12 silly lockFile 629b15ec-allow-root allow-root
13 verbose lock allow-root /Users/nickadmin/.npm/629b15ec-allow-root.lock
14 silly lockFile 20ff3fd8-grunt grunt
15 silly lockFile 20ff3fd8-grunt grunt
16 silly lockFile 629b15ec-allow-root allow-root
17 silly lockFile 629b15ec-allow-root allow-root
18 verbose addNamed [ 'grunt', '' ]
19 verbose addNamed [ null, '*' ]
20 silly lockFile 55f1ff24-grunt grunt@
21 verbose lock grunt@ /Users/nickadmin/.npm/55f1ff24-grunt.lock
22 verbose addNamed [ 'allow-root', '' ]
23 verbose addNamed [ null, '*' ]
24 silly lockFile d827290f-allow-root allow-root@
25 verbose lock allow-root@ /Users/nickadmin/.npm/d827290f-allow-root.lock
26 silly addNameRange { name: 'grunt', range: '*', hasData: false }
27 verbose request where is /grunt
28 verbose request registry https://registry.npmjs.org/
29 verbose request id f8dc502778e14eed
30 verbose url raw /grunt
31 verbose url resolving [ 'https://registry.npmjs.org/', './grunt' ]
32 verbose url resolved https://registry.npmjs.org/grunt
33 verbose request where is https://registry.npmjs.org/grunt
34 info trying registry request attempt 1 at 22:22:02
35 http GET https://registry.npmjs.org/grunt
36 silly addNameRange { name: 'allow-root', range: '*', hasData: false }
37 verbose request where is /allow-root
38 verbose request registry https://registry.npmjs.org/
39 verbose url raw /allow-root
40 verbose url resolving [ 'https://registry.npmjs.org/', './allow-root' ]
41 verbose url resolved https://registry.npmjs.org/allow-root
42 verbose request where is https://registry.npmjs.org/allow-root
43 info trying registry request attempt 1 at 22:22:02
44 http GET https://registry.npmjs.org/allow-root
45 http 404 https://registry.npmjs.org/allow-root
46 verbose headers { date: 'Sat, 18 Apr 2015 02:22:02 GMT',
46 verbose headers   server: 'CouchDB/1.5.0 (Erlang OTP/R16B03)',
46 verbose headers   'content-type': 'application/json',
46 verbose headers   'cache-control': 'max-age=0',
46 verbose headers   'content-length': '51',
46 verbose headers   'accept-ranges': 'bytes',
46 verbose headers   via: '1.1 varnish',
46 verbose headers   age: '0',
46 verbose headers   'x-served-by': 'cache-jfk1033-JFK',
46 verbose headers   'x-cache': 'MISS',
46 verbose headers   'x-cache-hits': '0',
46 verbose headers   'x-timer': 'S1429323722.312444,VS0,VE26',
46 verbose headers   'keep-alive': 'timeout=10, max=50',
46 verbose headers   connection: 'Keep-Alive' }
47 silly registry.get cb [ 404,
47 silly registry.get   { date: 'Sat, 18 Apr 2015 02:22:02 GMT',
47 silly registry.get     server: 'CouchDB/1.5.0 (Erlang OTP/R16B03)',
47 silly registry.get     'content-type': 'application/json',
47 silly registry.get     'cache-control': 'max-age=0',
47 silly registry.get     'content-length': '51',
47 silly registry.get     'accept-ranges': 'bytes',
47 silly registry.get     via: '1.1 varnish',
47 silly registry.get     age: '0',
47 silly registry.get     'x-served-by': 'cache-jfk1033-JFK',
47 silly registry.get     'x-cache': 'MISS',
47 silly registry.get     'x-cache-hits': '0',
47 silly registry.get     'x-timer': 'S1429323722.312444,VS0,VE26',
47 silly registry.get     'keep-alive': 'timeout=10, max=50',
47 silly registry.get     connection: 'Keep-Alive' } ]
48 silly lockFile d827290f-allow-root allow-root@
49 silly lockFile d827290f-allow-root allow-root@
50 http 200 https://registry.npmjs.org/grunt
51 silly registry.get cb [ 200,
51 silly registry.get   { date: 'Sat, 18 Apr 2015 02:22:02 GMT',
51 silly registry.get     server: 'CouchDB/1.5.0 (Erlang OTP/R16B03)',
51 silly registry.get     etag: '"DY3H2D5S6BWOFN7K2OZHLQJ91"',
51 silly registry.get     'content-type': 'application/json',
51 silly registry.get     'cache-control': 'max-age=60',
51 silly registry.get     'content-length': '88922',
51 silly registry.get     'accept-ranges': 'bytes',
51 silly registry.get     via: '1.1 varnish',
51 silly registry.get     age: '9',
51 silly registry.get     'x-served-by': 'cache-jfk1028-JFK',
51 silly registry.get     'x-cache': 'HIT',
51 silly registry.get     'x-cache-hits': '1',
51 silly registry.get     'x-timer': 'S1429323722.295706,VS0,VE0',
51 silly registry.get     vary: 'Accept',
51 silly registry.get     'keep-alive': 'timeout=10, max=50',
51 silly registry.get     connection: 'Keep-Alive' } ]
52 silly addNameRange number 2 { name: 'grunt', range: '*', hasData: true }
53 silly addNameRange versions [ 'grunt',
53 silly addNameRange   [ '0.1.0',
53 silly addNameRange     '0.1.1',
53 silly addNameRange     '0.1.2',
53 silly addNameRange     '0.2.0',
53 silly addNameRange     '0.2.1',
53 silly addNameRange     '0.2.2',
53 silly addNameRange     '0.2.3',
53 silly addNameRange     '0.2.4',
53 silly addNameRange     '0.2.5',
53 silly addNameRange     '0.2.6',
53 silly addNameRange     '0.2.7',
53 silly addNameRange     '0.2.8',
53 silly addNameRange     '0.2.9',
53 silly addNameRange     '0.2.10',
53 silly addNameRange     '0.2.11',
53 silly addNameRange     '0.2.12',
53 silly addNameRange     '0.2.13',
53 silly addNameRange     '0.2.14',
53 silly addNameRange     '0.2.15',
53 silly addNameRange     '0.3.0',
53 silly addNameRange     '0.3.1',
53 silly addNameRange     '0.3.2',
53 silly addNameRange     '0.3.3',
53 silly addNameRange     '0.3.4',
53 silly addNameRange     '0.3.5',
53 silly addNameRange     '0.3.6',
53 silly addNameRange     '0.3.7',
53 silly addNameRange     '0.3.8',
53 silly addNameRange     '0.3.9',
53 silly addNameRange     '0.3.10',
53 silly addNameRange     '0.3.11',
53 silly addNameRange     '0.3.12',
53 silly addNameRange     '0.3.13',
53 silly addNameRange     '0.3.14',
53 silly addNameRange     '0.3.15',
53 silly addNameRange     '0.3.16',
53 silly addNameRange     '0.3.17',
53 silly addNameRange     '0.4.0',
53 silly addNameRange     '0.4.1',
53 silly addNameRange     '0.4.2',
53 silly addNameRange     '0.4.3',
53 silly addNameRange     '0.4.4',
53 silly addNameRange     '0.4.5',
53 silly addNameRange     '0.3.13-a',
53 silly addNameRange     '0.4.0-a',
53 silly addNameRange     '0.4.0-rc1',
53 silly addNameRange     '0.4.0-rc2',
53 silly addNameRange     '0.4.0-rc3',
53 silly addNameRange     '0.4.0-rc4',
53 silly addNameRange     '0.4.0-rc5',
53 silly addNameRange     '0.4.0-rc6',
53 silly addNameRange     '0.4.0-rc7',
53 silly addNameRange     '0.4.0-rc8' ] ]
54 verbose addNamed [ 'grunt', '0.4.5' ]
55 verbose addNamed [ '0.4.5', '0.4.5' ]
56 silly lockFile 81abf7ad-grunt-0-4-5 grunt@0.4.5
57 verbose lock grunt@0.4.5 /Users/nickadmin/.npm/81abf7ad-grunt-0-4-5.lock
58 silly lockFile ea6cf2d1--npmjs-org-grunt-grunt-0-4-5-tgz https://registry.npmjs.org/grunt/-/grunt-0.4.5.tgz
59 verbose lock https://registry.npmjs.org/grunt/-/grunt-0.4.5.tgz /Users/nickadmin/.npm/ea6cf2d1--npmjs-org-grunt-grunt-0-4-5-tgz.lock
60 verbose addRemoteTarball [ 'https://registry.npmjs.org/grunt/-/grunt-0.4.5.tgz',
60 verbose addRemoteTarball   '56937cd5194324adff6d207631832a9d6ba4e7f0' ]
61 info retry fetch attempt 1 at 22:22:02
62 verbose fetch to= /tmp/npm-1019-2NP5S_OS/registry.npmjs.org/grunt/-/grunt-0.4.5.tgz
63 http GET https://registry.npmjs.org/grunt/-/grunt-0.4.5.tgz
64 http 200 https://registry.npmjs.org/grunt/-/grunt-0.4.5.tgz
65 silly lockFile ea6cf2d1--npmjs-org-grunt-grunt-0-4-5-tgz https://registry.npmjs.org/grunt/-/grunt-0.4.5.tgz
66 silly lockFile ea6cf2d1--npmjs-org-grunt-grunt-0-4-5-tgz https://registry.npmjs.org/grunt/-/grunt-0.4.5.tgz
67 silly lockFile 81abf7ad-grunt-0-4-5 grunt@0.4.5
68 silly lockFile 81abf7ad-grunt-0-4-5 grunt@0.4.5
69 silly lockFile 55f1ff24-grunt grunt@
70 silly lockFile 55f1ff24-grunt grunt@
71 error 404 404 Not Found: allow-root
71 error 404
71 error 404 'allow-root' is not in the npm registry.
71 error 404 You should bug the author to publish it
71 error 404
71 error 404 Note that you can also install from a
71 error 404 tarball, folder, or http url, or git url.
72 error System Darwin 14.1.0
73 error command "node" "/usr/local/bin/npm" "install" "grunt" "-g" "allow-root"
74 error cwd /Users/nickadmin/school/WhiteboardJS
75 error node -v v0.10.33
76 error npm -v 1.4.28
77 error code E404
78 verbose exit [ 1, true ]
